=== Page 1 ===
S
SAINT JOSEPH
BILINGUAL ACADEMY
EXCELLENCE THROUGH KNOWLEDGE
J
DOE JOHN
Form 1
ID NO.
SOS-2026-15C9D8E8
■  admin@saintjoseph.sos


=== Page 2 ===
SAINT JOSEPH BILINGUAL ACADEMY
N
NAME
DOE JOHN
D
DATE OF BIRTH
15 MAY 2013
B
BLOOD GROUP
—
E
EMERGENCY CONTACT
—
Scan for School Info
TERMS & CONDITIONS
  This ID card is the property of the school.
  Carry it at all times on school premises.
  Report loss immediately to administration.
  This card is non-transferable.
■  Rue de la Paix
■  Yaoundé
☎  +237 677 123 456
✉  admin@saintjoseph.sos


