Watching for file changes with StatReloader
C:\Users\BIG BROTHER\Desktop\Projects\Personal Projects\School_OS\School_OS\backend\apps\authentication\views.py changed, reloading.
Watching for file changes with StatReloader
C:\Users\BIG BROTHER\Desktop\Projects\Personal Projects\School_OS\School_OS\backend\config\settings.py changed, reloading.
Watching for file changes with StatReloader
[29/Jul/2026 18:09:56] "OPTIONS /api/v1/academic/academic-years/ HTTP/1.1" 200 0
[29/Jul/2026 18:09:56] "OPTIONS /api/v1/notifications/announcements/?published=true&ordering=-created_at&limit=10 HTTP/1.1" 200 0
[29/Jul/2026 18:09:56] "OPTIONS /api/v1/notifications/messages/?ordering=-created_at&limit=10 HTTP/1.1" 200 0
[29/Jul/2026 18:09:56] "OPTIONS /api/v1/academic/cycles/ HTTP/1.1" 200 0
[29/Jul/2026 18:09:56] "OPTIONS /api/v1/academic/terms/ HTTP/1.1" 200 0
[29/Jul/2026 18:09:56] "OPTIONS /api/v1/academic/sections/ HTTP/1.1" 200 0
[29/Jul/2026 18:09:56] "OPTIONS /api/v1/notifications/announcements/?published=true&ordering=-created_at&limit=10 HTTP/1.1" 200 0
[29/Jul/2026 18:09:56] "OPTIONS /api/v1/auth/me/ HTTP/1.1" 200 0
[29/Jul/2026 18:09:56] "OPTIONS /api/v1/academic/subjects/ HTTP/1.1" 200 0
[29/Jul/2026 18:09:56] "OPTIONS /api/v1/academic/classes/ HTTP/1.1" 200 0
[29/Jul/2026 18:09:56] "OPTIONS /api/v1/notifications/messages/?ordering=-created_at&limit=10 HTTP/1.1" 200 0
[29/Jul/2026 18:09:56] "OPTIONS /api/v1/academic/academic-years/ HTTP/1.1" 200 0
[29/Jul/2026 18:09:56] "OPTIONS /api/v1/academic/subjects/ HTTP/1.1" 200 0
[29/Jul/2026 18:09:56] "OPTIONS /api/v1/academic/cycles/ HTTP/1.1" 200 0
[29/Jul/2026 18:09:56] "OPTIONS /api/v1/academic/classes/ HTTP/1.1" 200 0
[29/Jul/2026 18:09:56] "OPTIONS /api/v1/academic/terms/ HTTP/1.1" 200 0
[29/Jul/2026 18:09:56] "OPTIONS /api/v1/academic/sections/ HTTP/1.1" 200 0
[29/Jul/2026 18:09:56] "OPTIONS /api/v1/auth/me/ HTTP/1.1" 200 0
[29/Jul/2026 18:09:57] "GET /api/v1/notifications/messages/?ordering=-created_at&limit=10 HTTP/1.1" 200 52
[29/Jul/2026 18:09:57] "GET /api/v1/academic/sections/ HTTP/1.1" 200 238
[29/Jul/2026 18:09:57] "GET /api/v1/academic/cycles/ HTTP/1.1" 200 223
[29/Jul/2026 18:09:57] "GET /api/v1/academic/terms/ HTTP/1.1" 200 778
[29/Jul/2026 18:09:57] "GET /api/v1/academic/academic-years/ HTTP/1.1" 200 931
[29/Jul/2026 18:09:57] "GET /api/v1/notifications/announcements/?published=true&ordering=-created_at&limit=10 HTTP/1.1" 200 7531
[29/Jul/2026 18:09:57] "GET /api/v1/auth/me/ HTTP/1.1" 200 496
[29/Jul/2026 18:09:57] "GET /api/v1/academic/cycles/ HTTP/1.1" 200 223
[29/Jul/2026 18:09:57] "GET /api/v1/notifications/messages/?ordering=-created_at&limit=10 HTTP/1.1" 200 52
[29/Jul/2026 18:09:57] "GET /api/v1/academic/sections/ HTTP/1.1" 200 238
[29/Jul/2026 18:09:57] "GET /api/v1/academic/subjects/ HTTP/1.1" 200 1633
[29/Jul/2026 18:09:57] "GET /api/v1/academic/classes/ HTTP/1.1" 200 1054
[29/Jul/2026 18:09:57] "GET /api/v1/academic/terms/ HTTP/1.1" 200 778
[29/Jul/2026 18:09:57] "GET /api/v1/auth/me/ HTTP/1.1" 200 496
[29/Jul/2026 18:09:57] "GET /api/v1/academic/academic-years/ HTTP/1.1" 200 931
[29/Jul/2026 18:09:57] "GET /api/v1/academic/subjects/ HTTP/1.1" 200 1633
[29/Jul/2026 18:09:57] "GET /api/v1/academic/classes/ HTTP/1.1" 200 1054
[29/Jul/2026 18:09:57] "GET /api/v1/notifications/announcements/?published=true&ordering=-created_at&limit=10 HTTP/1.1" 200 7531
Bad Request: /api/v1/auth/login/
[29/Jul/2026 18:10:20] "POST /api/v1/auth/login/ HTTP/1.1" 400 107
Bad Request: /api/v1/auth/login/
[29/Jul/2026 18:10:24] "POST /api/v1/auth/login/ HTTP/1.1" 400 107
Bad Request: /api/v1/auth/login/
[29/Jul/2026 18:10:27] "POST /api/v1/auth/login/ HTTP/1.1" 400 107
Bad Request: /api/v1/academic/terms/
[29/Jul/2026 18:10:39] "POST /api/v1/academic/terms/ HTTP/1.1" 400 87
[29/Jul/2026 18:10:57] "POST /api/v1/academic/sections/ HTTP/1.1" 201 89
[29/Jul/2026 18:10:57] "GET /api/v1/academic/sections/ HTTP/1.1" 200 328
[29/Jul/2026 18:10:57] "GET /api/v1/academic/cycles/ HTTP/1.1" 200 223
[29/Jul/2026 18:10:57] "GET /api/v1/academic/subjects/ HTTP/1.1" 200 1633
[29/Jul/2026 18:10:57] "GET /api/v1/academic/classes/ HTTP/1.1" 200 1054
[29/Jul/2026 18:10:57] "GET /api/v1/academic/academic-years/ HTTP/1.1" 200 931
[29/Jul/2026 18:10:57] "GET /api/v1/academic/terms/ HTTP/1.1" 200 778
[29/Jul/2026 18:12:03] "POST /api/v1/academic/classes/ HTTP/1.1" 201 166
[29/Jul/2026 18:12:03] "GET /api/v1/academic/academic-years/ HTTP/1.1" 200 931
[29/Jul/2026 18:12:03] "GET /api/v1/academic/terms/ HTTP/1.1" 200 778
[29/Jul/2026 18:12:03] "GET /api/v1/academic/cycles/ HTTP/1.1" 200 223
[29/Jul/2026 18:12:03] "GET /api/v1/academic/classes/ HTTP/1.1" 200 1221
[29/Jul/2026 18:12:03] "GET /api/v1/academic/subjects/ HTTP/1.1" 200 1633
[29/Jul/2026 18:12:03] "GET /api/v1/academic/sections/ HTTP/1.1" 200 328
[29/Jul/2026 18:13:07] "POST /api/v1/academic/subjects/ HTTP/1.1" 201 173
[29/Jul/2026 18:13:07] "GET /api/v1/academic/cycles/ HTTP/1.1" 200 223
[29/Jul/2026 18:13:07] "GET /api/v1/academic/terms/ HTTP/1.1" 200 778
[29/Jul/2026 18:13:07] "GET /api/v1/academic/sections/ HTTP/1.1" 200 328
[29/Jul/2026 18:13:07] "GET /api/v1/academic/classes/ HTTP/1.1" 200 1221
[29/Jul/2026 18:13:07] "GET /api/v1/academic/academic-years/ HTTP/1.1" 200 931
[29/Jul/2026 18:13:07] "GET /api/v1/academic/subjects/ HTTP/1.1" 200 1808
Bad Request: /api/v1/academic/terms/
[29/Jul/2026 18:13:52] "POST /api/v1/academic/terms/ HTTP/1.1" 400 87
[29/Jul/2026 18:14:15] "POST /api/v1/academic/terms/ HTTP/1.1" 201 112
[29/Jul/2026 18:14:15] "GET /api/v1/academic/cycles/ HTTP/1.1" 200 223
[29/Jul/2026 18:14:15] "GET /api/v1/academic/sections/ HTTP/1.1" 200 328
[29/Jul/2026 18:14:15] "GET /api/v1/academic/terms/ HTTP/1.1" 200 891
[29/Jul/2026 18:14:15] "GET /api/v1/academic/academic-years/ HTTP/1.1" 200 1044
[29/Jul/2026 18:14:15] "GET /api/v1/academic/subjects/ HTTP/1.1" 200 1808
[29/Jul/2026 18:14:15] "GET /api/v1/academic/classes/ HTTP/1.1" 200 1221
[29/Jul/2026 18:14:28] "OPTIONS /api/v1/students/students/ HTTP/1.1" 200 0
[29/Jul/2026 18:14:28] "OPTIONS /api/v1/students/students/ HTTP/1.1" 200 0
[29/Jul/2026 18:14:29] "GET /api/v1/students/students/ HTTP/1.1" 200 1573
[29/Jul/2026 18:14:29] "GET /api/v1/students/students/ HTTP/1.1" 200 1573
[29/Jul/2026 18:14:36] "OPTIONS /api/v1/assessments/mark-windows/ HTTP/1.1" 200 0
[29/Jul/2026 18:14:36] "OPTIONS /api/v1/assessments/mark-windows/ HTTP/1.1" 200 0
[29/Jul/2026 18:14:36] "GET /api/v1/academic/terms/ HTTP/1.1" 200 891
[29/Jul/2026 18:14:36] "GET /api/v1/assessments/mark-windows/ HTTP/1.1" 200 586
[29/Jul/2026 18:14:36] "GET /api/v1/academic/classes/ HTTP/1.1" 200 1221
[29/Jul/2026 18:14:36] "GET /api/v1/academic/terms/ HTTP/1.1" 200 891
[29/Jul/2026 18:14:36] "GET /api/v1/academic/academic-years/ HTTP/1.1" 200 1044
[29/Jul/2026 18:14:36] "GET /api/v1/assessments/mark-windows/ HTTP/1.1" 200 586
[29/Jul/2026 18:14:36] "GET /api/v1/academic/classes/ HTTP/1.1" 200 1221
[29/Jul/2026 18:14:36] "GET /api/v1/academic/academic-years/ HTTP/1.1" 200 1044
[29/Jul/2026 18:15:07] "OPTIONS /api/v1/academic/sequences/ HTTP/1.1" 200 0
[29/Jul/2026 18:15:07] "POST /api/v1/academic/sequences/ HTTP/1.1" 201 99
[29/Jul/2026 18:15:07] "POST /api/v1/academic/sequences/ HTTP/1.1" 201 99
[29/Jul/2026 18:15:07] "GET /api/v1/assessments/mark-windows/ HTTP/1.1" 200 586
[29/Jul/2026 18:15:08] "GET /api/v1/academic/academic-years/ HTTP/1.1" 200 1243
[29/Jul/2026 18:15:08] "GET /api/v1/academic/classes/ HTTP/1.1" 200 1221
[29/Jul/2026 18:15:08] "GET /api/v1/academic/terms/ HTTP/1.1" 200 1090
Conflict: /api/v1/auth/login/
[29/Jul/2026 18:15:57] "POST /api/v1/auth/login/ HTTP/1.1" 409 754
[29/Jul/2026 18:20:46] "POST /api/v1/assessments/mark-windows/ HTTP/1.1" 201 267
[29/Jul/2026 18:20:46] "OPTIONS /api/v1/assessments/exams/ensure-for-term/ HTTP/1.1" 200 0
[29/Jul/2026 18:20:46] "POST /api/v1/assessments/exams/ensure-for-term/ HTTP/1.1" 200 84
[29/Jul/2026 18:20:47] "GET /api/v1/assessments/mark-windows/ HTTP/1.1" 200 854
[29/Jul/2026 18:20:47] "GET /api/v1/academic/terms/ HTTP/1.1" 200 1090
[29/Jul/2026 18:20:47] "GET /api/v1/academic/academic-years/ HTTP/1.1" 200 1243
[29/Jul/2026 18:20:47] "GET /api/v1/academic/classes/ HTTP/1.1" 200 1221
C:\Users\BIG BROTHER\Desktop\Projects\Personal Projects\School_OS\School_OS\backend\apps\academic\models.py changed, reloading.
Watching for file changes with StatReloader
C:\Users\BIG BROTHER\Desktop\Projects\Personal Projects\School_OS\School_OS\backend\apps\academic\serializers.py changed, reloading.
Watching for file changes with StatReloader
C:\Users\BIG BROTHER\Desktop\Projects\Personal Projects\School_OS\School_OS\backend\apps\academic\views.py changed, reloading.
Watching for file changes with StatReloader
C:\Users\BIG BROTHER\Desktop\Projects\Personal Projects\School_OS\School_OS\backend\apps\finance\views.py changed, reloading.
Watching for file changes with StatReloader
C:\Users\BIG BROTHER\Desktop\Projects\Personal Projects\School_OS\School_OS\backend\apps\finance\views.py changed, reloading.
Watching for file changes with StatReloader
C:\Users\BIG BROTHER\Desktop\Projects\Personal Projects\School_OS\School_OS\backend\apps\staff\serializers.py changed, reloading.
Watching for file changes with StatReloader
C:\Users\BIG BROTHER\Desktop\Projects\Personal Projects\School_OS\School_OS\backend\apps\staff\serializers.py changed, reloading.
Watching for file changes with StatReloader
Exception in thread django-main-thread:
Traceback (most recent call last):
  File "C:\Users\BIG BROTHER\AppData\Local\Python\pythoncore-3.14-64\Lib\threading.py", line 1082, in _bootstrap_inner
    self._context.run(self.run)
    ~~~~~~~~~~~~~~~~~^^^^^^^^^^
  File "C:\Users\BIG BROTHER\AppData\Local\Python\pythoncore-3.14-64\Lib\threading.py", line 1024, in run
    self._target(*self._args, **self._kwargs)
    ~~~~~~~~~~~~^^^^^^^^^^^^^^^^^^^^^^^^^^^^^
  File "C:\Users\BIG BROTHER\AppData\Local\Python\pythoncore-3.14-64\Lib\site-packages\django\utils\autoreload.py", line 64, in wrapper
    fn(*args, **kwargs)
    ~~^^^^^^^^^^^^^^^^^
  File "C:\Users\BIG BROTHER\AppData\Local\Python\pythoncore-3.14-64\Lib\site-packages\django\core\management\commands\runserver.py", line 134, in inner_run
    self.check(**check_kwargs)
    ~~~~~~~~~~^^^^^^^^^^^^^^^^
  File "C:\Users\BIG BROTHER\AppData\Local\Python\pythoncore-3.14-64\Lib\site-packages\django\core\management\base.py", line 496, in check
    all_issues = checks.run_checks(
        app_configs=app_configs,
    ...<2 lines>...
        databases=databases,
    )
  File "C:\Users\BIG BROTHER\AppData\Local\Python\pythoncore-3.14-64\Lib\site-packages\django\core\checks\registry.py", line 89, in run_checks
    new_errors = check(app_configs=app_configs, databases=databases)
  File "C:\Users\BIG BROTHER\AppData\Local\Python\pythoncore-3.14-64\Lib\site-packages\django\core\checks\urls.py", line 16, in check_url_config
    return check_resolver(resolver)
  File "C:\Users\BIG BROTHER\AppData\Local\Python\pythoncore-3.14-64\Lib\site-packages\django\core\checks\urls.py", line 26, in check_resolver
    return check_method()
  File "C:\Users\BIG BROTHER\AppData\Local\Python\pythoncore-3.14-64\Lib\site-packages\django\urls\resolvers.py", line 531, in check
    for pattern in self.url_patterns:
                   ^^^^^^^^^^^^^^^^^
  File "C:\Users\BIG BROTHER\AppData\Local\Python\pythoncore-3.14-64\Lib\site-packages\django\utils\functional.py", line 47, in __get__
    res = instance.__dict__[self.name] = self.func(instance)
                                         ~~~~~~~~~^^^^^^^^^^
  File "C:\Users\BIG BROTHER\AppData\Local\Python\pythoncore-3.14-64\Lib\site-packages\django\urls\resolvers.py", line 718, in url_patterns
    patterns = getattr(self.urlconf_module, "urlpatterns", self.urlconf_module)
                       ^^^^^^^^^^^^^^^^^^^
  File "C:\Users\BIG BROTHER\AppData\Local\Python\pythoncore-3.14-64\Lib\site-packages\django\utils\functional.py", line 47, in __get__
    res = instance.__dict__[self.name] = self.func(instance)
                                         ~~~~~~~~~^^^^^^^^^^
  File "C:\Users\BIG BROTHER\AppData\Local\Python\pythoncore-3.14-64\Lib\site-packages\django\urls\resolvers.py", line 711, in urlconf_module
    return import_module(self.urlconf_name)
  File "C:\Users\BIG BROTHER\AppData\Local\Python\pythoncore-3.14-64\Lib\importlib\__init__.py", line 88, in import_module
    return _bootstrap._gcd_import(name[level:], package, level)
           ~~~~~~~~~~~~~~~~~~~~~~^^^^^^^^^^^^^^^^^^^^^^^^^^^^^^
  File "<frozen importlib._bootstrap>", line 1398, in _gcd_import
  File "<frozen importlib._bootstrap>", line 1371, in _find_and_load
  File "<frozen importlib._bootstrap>", line 1342, in _find_and_load_unlocked
  File "<frozen importlib._bootstrap>", line 938, in _load_unlocked
  File "<frozen importlib._bootstrap_external>", line 759, in exec_module
  File "<frozen importlib._bootstrap>", line 491, in _call_with_frames_removed
  File "C:\Users\BIG BROTHER\Desktop\Projects\Personal Projects\School_OS\School_OS\backend\config\urls.py", line 42, in <module>
    path('api/v1/staff/', include('apps.staff.urls')),
                          ~~~~~~~^^^^^^^^^^^^^^^^^^^
  File "C:\Users\BIG BROTHER\AppData\Local\Python\pythoncore-3.14-64\Lib\site-packages\django\urls\conf.py", line 39, in include
    urlconf_module = import_module(urlconf_module)
  File "C:\Users\BIG BROTHER\AppData\Local\Python\pythoncore-3.14-64\Lib\importlib\__init__.py", line 88, in import_module
    return _bootstrap._gcd_import(name[level:], package, level)
           ~~~~~~~~~~~~~~~~~~~~~~^^^^^^^^^^^^^^^^^^^^^^^^^^^^^^
  File "<frozen importlib._bootstrap>", line 1398, in _gcd_import
  File "<frozen importlib._bootstrap>", line 1371, in _find_and_load
  File "<frozen importlib._bootstrap>", line 1342, in _find_and_load_unlocked
  File "<frozen importlib._bootstrap>", line 938, in _load_unlocked
  File "<frozen importlib._bootstrap_external>", line 759, in exec_module
  File "<frozen importlib._bootstrap>", line 491, in _call_with_frames_removed
  File "C:\Users\BIG BROTHER\Desktop\Projects\Personal Projects\School_OS\School_OS\backend\apps\staff\urls.py", line 3, in <module>
    from apps.staff.views import TeacherViewSet, TeachingAssignmentViewSet, LeaveRequestViewSet, PerformanceReviewViewSet, onboard_bursar
  File "C:\Users\BIG BROTHER\Desktop\Projects\Personal Projects\School_OS\School_OS\backend\apps\staff\views.py", line 18, in <module>
    from apps.staff.serializers import (
    ...<2 lines>...
    )
  File "C:\Users\BIG BROTHER\Desktop\Projects\Personal Projects\School_OS\School_OS\backend\apps\staff\serializers.py", line 9, in <module>
    class TeachingAssignmentSerializer(serializers.ModelSerializer):
    ...<22 lines>...
            }
  File "C:\Users\BIG BROTHER\Desktop\Projects\Personal Projects\School_OS\School_OS\backend\apps\staff\serializers.py", line 16, in TeachingAssignmentSerializer
    queryset=Series.objects.all(), required=False, allow_null=True, default=None
             ^^^^^^
NameError: name 'Series' is not defined
C:\Users\BIG BROTHER\Desktop\Projects\Personal Projects\School_OS\School_OS\backend\apps\staff\serializers.py changed, reloading.
Watching for file changes with StatReloader
